// Jest Snapshot v1, https://goo.gl/fbAQLP

exports[`should handle editExpense 1`] = `
<div
  className="container"
>
  <ExpenseForm
    expense={
      Object {
        "amount": 195,
        "createdAt": 0,
        "description": "gum",
        "id": "1",
        "note": "",
      }
    }
    onSubmit={[Function]}
  />
  <button
    className="btn btn-danger"
    onClick={[Function]}
  >
    Remove
  </button>
</div>
`;

exports[`should render EditPage corectly 1`] = `
<div
  className="container"
>
  <ExpenseForm
    expense={
      Object {
        "amount": 195,
        "createdAt": 0,
        "description": "gum",
        "id": "1",
        "note": "",
      }
    }
    onSubmit={[Function]}
  />
  <button
    className="btn btn-danger"
    onClick={[Function]}
  >
    Remove
  </button>
</div>
`;
